admin@planet-terror:~
$ fastboot oem fb_mode_set
                                                   OKAY [  0.002s]
Finished. Total time: 0.002s
admin@planet-terror:~
$ cd Documents/platform-tools
admin@planet-terror:~/Documents/platform-tools
$ fastboot flash partition gpt.bin
(bootloader) is-logical:partition: not found
Sending 'partition' (45 KB)                        OKAY [  0.171s]
Writing 'partition'                                (bootloader) Validating 'gpt.default.xml'
(bootloader) Committing 'gpt.default.xml'
(bootloader) - flashing 'gpt_main0.bin' to 'partition:0'
(bootloader) Flashing primary GPT image...
(bootloader) Flashing backup GPT image...
OKAY [  0.080s]
Finished. Total time: 0.265s
admin@planet-terror:~/Documents/platform-tools
$ fastboot flash bootloader bootloader.img
(bootloader) is-logical:bootloader: not found
Sending 'bootloader' (7419 KB)                     OKAY [  0.515s]
Writing 'bootloader'                               (bootloader) Validating 'bootloader.default.xml'
(bootloader) Committing 'bootloader.default.xml'
(bootloader) - flashing 'emmc_appsboot.mbn' to 'aboot'
(bootloader) - flashing 'rpm.mbn' to 'rpm'
(bootloader) - flashing 'tz.mbn' to 'tz'
(bootloader) - flashing 'devcfg.mbn' to 'devcfg'
(bootloader) - flashing 'cmnlib_30.mbn' to 'cmnlib'
(bootloader) - flashing 'cmnlib64_30.mbn' to 'cmnlib64'
(bootloader) - flashing 'keymaster64.mbn' to 'keymaster'
(bootloader) - flashing 'prov.mbn' to 'prov'
(bootloader) - flashing 'sbl1.mbn' to 'sbl1'
OKAY [  0.369s]
Finished. Total time: 0.891s
admin@planet-terror:~/Documents/platform-tools
$ fastboot flash modem_a NON-HLOS.bin
(bootloader) is-logical:modem_a: not found
Sending 'modem_a' (65388 KB)                       OKAY [  3.278s]
Writing 'modem_a'                                  OKAY [  1.101s]
Finished. Total time: 4.410s
admin@planet-terror:~/Documents/platform-tools
$ fastboot flash fsg_a fsg.mbn
(bootloader) is-logical:fsg_a: not found
Sending 'fsg_a' (11684 KB)                         OKAY [  0.712s]
Writing 'fsg_a'                                    OKAY [  0.144s]
Finished. Total time: 1.044s
admin@planet-terror:~/Documents/platform-tools
$ fastboot erase modemst1
Erasing 'modemst1'                                 OKAY [  0.018s]
Finished. Total time: 0.019s
admin@planet-terror:~/Documents/platform-tools
$ fastboot erase modemst2
Erasing 'modemst2'                                 OKAY [  0.018s]
Finished. Total time: 0.019s
admin@planet-terror:~/Documents/platform-tools
$ fastboot flash dsp_a adspso.bin
(bootloader) is-logical:dsp_a: not found
Sending 'dsp_a' (16384 KB)                         OKAY [  0.935s]
Writing 'dsp_a'                                    OKAY [  0.184s]
Finished. Total time: 1.339s
admin@planet-terror:~/Documents/platform-tools
$ fastboot flash logo_a logo.bin
(bootloader) is-logical:logo_a: not found
Sending 'logo_a' (1285 KB)                         OKAY [  0.229s]
Writing 'logo_a'                                   OKAY [  0.055s]
Finished. Total time: 0.286s
admin@planet-terror:~/Documents/platform-tools
$ fastboot flash boot_a boot.img
(bootloader) is-logical:boot_a: not found
Sending 'boot_a' (32768 KB)                        OKAY [  1.696s]
Writing 'boot_a'                                   (bootloader) Image signed with key bad key
OKAY [  0.764s]
Finished. Total time: 2.927s
admin@planet-terror:~/Documents/platform-tools
$ fastboot flash dtbo_a dtbo.img
(bootloader) is-logical:dtbo_a: not found
Sending 'dtbo_a' (1760 KB)                         OKAY [  0.251s]
Writing 'dtbo_a'                                   OKAY [  0.063s]
Finished. Total time: 0.316s
admin@planet-terror:~/Documents/platform-tools
$ fastboot flash system_a system.img_sparsechunk.0
(bootloader) is-logical:system_a: not found
Sending 'system_a' (262140 KB)                     OKAY [ 12.439s]
Writing 'system_a'                                 OKAY [  2.580s]
Finished. Total time: 15.186s
admin@planet-terror:~/Documents/platform-tools
$ fastboot flash system_a system.img_sparsechunk.1
(bootloader) is-logical:system_a: not found
Sending 'system_a' (262143 KB)                     OKAY [ 12.314s]
Writing 'system_a'                                 OKAY [  2.180s]
Finished. Total time: 14.637s
admin@planet-terror:~/Documents/platform-tools
$ fastboot flash system_a system.img_sparsechunk.2
(bootloader) is-logical:system_a: not found
Sending 'system_a' (255443 KB)                     OKAY [ 12.971s]
Writing 'system_a'                                 OKAY [  2.685s]
Finished. Total time: 15.969s
admin@planet-terror:~/Documents/platform-tools
$ fastboot flash system_a system.img_sparsechunk.3
(bootloader) is-logical:system_a: not found
Sending 'system_a' (261476 KB)                     OKAY [ 12.465s]
Writing 'system_a'                                 OKAY [  2.083s]
Finished. Total time: 14.657s
admin@planet-terror:~/Documents/platform-tools
$ fastboot flash system_a system.img_sparsechunk.4
(bootloader) is-logical:system_a: not found
Sending 'system_a' (262141 KB)                     OKAY [ 12.389s]
Writing 'system_a'                                 OKAY [  2.127s]
Finished. Total time: 14.884s
admin@planet-terror:~/Documents/platform-tools
$ fastboot flash system_a system.img_sparsechunk.5
(bootloader) is-logical:system_a: not found
Sending 'system_a' (262140 KB)                     OKAY [ 12.404s]
Writing 'system_a'                                 OKAY [  2.504s]
Finished. Total time: 15.240s
admin@planet-terror:~/Documents/platform-tools
$ fastboot flash system_a system.img_sparsechunk.6
(bootloader) is-logical:system_a: not found
Sending 'system_a' (262141 KB)                     OKAY [ 12.400s]
Writing 'system_a'                                 OKAY [  2.117s]
Finished. Total time: 14.657s
admin@planet-terror:~/Documents/platform-tools
$ fastboot flash system_a system.img_sparsechunk.7
(bootloader) is-logical:system_a: not found
Sending 'system_a' (262140 KB)                     OKAY [ 12.384s]
Writing 'system_a'                                 OKAY [  2.099s]
Finished. Total time: 14.586s
admin@planet-terror:~/Documents/platform-tools
$ fastboot flash system_a system.img_sparsechunk.8
(bootloader) is-logical:system_a: not found
Sending 'system_a' (259249 KB)                     OKAY [ 12.238s]
Writing 'system_a'                                 OKAY [  2.079s]
Finished. Total time: 14.453s
admin@planet-terror:~/Documents/platform-tools
$ fastboot flash system_a system.img_sparsechunk.9
(bootloader) is-logical:system_a: not found
Sending 'system_a' (43968 KB)                      OKAY [  2.237s]
Writing 'system_a'                                 OKAY [  0.362s]
Finished. Total time: 2.611s
admin@planet-terror:~/Documents/platform-tools
$ fastboot flash system_b system_b.img_sparsechunk.0
(bootloader) is-logical:system_b: not found
Sending 'system_b' (262140 KB)                     OKAY [ 12.429s]
Writing 'system_b'                                 OKAY [  2.231s]
Finished. Total time: 14.711s
admin@planet-terror:~/Documents/platform-tools
$ fastboot flash system_b system_b.img_sparsechunk.1
(bootloader) is-logical:system_b: not found
Sending 'system_b' (262040 KB)                     OKAY [ 12.623s]
Writing 'system_b'                                 OKAY [  2.075s]
Finished. Total time: 14.733s
admin@planet-terror:~/Documents/platform-tools
$ fastboot flash system_b system_b.img_sparsechunk.2
(bootloader) is-logical:system_b: not found
Sending 'system_b' (43968 KB)                      OKAY [  2.217s]
Writing 'system_b'                                 OKAY [  0.353s]
Finished. Total time: 2.592s
admin@planet-terror:~/Documents/platform-tools
$ fastboot flash vendor_a vendor.img_sparsechunk.0
(bootloader) is-logical:vendor_a: not found
Sending 'vendor_a' (240984 KB)                     OKAY [ 11.359s]
Writing 'vendor_a'                                 OKAY [  2.133s]
Finished. Total time: 13.749s
admin@planet-terror:~/Documents/platform-tools
$ fastboot flash vendor_a vendor.img_sparsechunk.1
(bootloader) is-logical:vendor_a: not found
Sending 'vendor_a' (165776 KB)                     OKAY [  7.920s]
Writing 'vendor_a'                                 OKAY [  1.332s]
Finished. Total time: 9.373s
admin@planet-terror:~/Documents/platform-tools
$ fastboot flash oem_a oem.img
(bootloader) is-logical:oem_a: not found
Sending 'oem_a' (103172 KB)                        OKAY [  4.985s]
Writing 'oem_a'                                    OKAY [  0.869s]
Finished. Total time: 5.945s
admin@planet-terror:~/Documents/platform-tools
$ fastboot flash oem_b oem_other.img
(bootloader) is-logical:oem_b: not found
Sending 'oem_b' (58896 KB)                         OKAY [  2.922s]
Writing 'oem_b'                                    OKAY [  0.476s]
Finished. Total time: 3.435s
admin@planet-terror:~/Documents/platform-tools
$ fastboot erase userdata
Erasing 'userdata'                                 OKAY [  0.123s]
Finished. Total time: 0.124s
admin@planet-terror:~/Documents/platform-tools
$ fastboot erase DDR
Erasing 'DDR'                                      OKAY [  0.002s]
Finished. Total time: 0.002s
admin@planet-terror:~/Documents/platform-tools
$ fastboot oem fb_mode_clear
                                                   OKAY [  0.001s]
Finished. Total time: 0.002s
admin@planet-terror:~/Documents/platform-tools
$ fastboot reboot
Rebooting                                          OKAY [  0.000s]
Finished. Total time: 0.301s
admin@planet-terror:~/Documents/platform-tools
$ fastboot flashing lock
                                                   (bootloader) Phone is locked. Rebooting phone.
OKAY [  0.002s]
Finished. Total time: 0.002s
admin@planet-terror:~/Documents/platform-tools
$ 
